
Compiling lib\main.dart for the Web...                          
flutter : Target 
dart2js failed: 
ProcessException: 
Process exited 
abnormally:
At line:1 char:1
+ flutter build web > 
build_output.txt 2>&1
+ ~~~~~~~~~~~~~~~~~~~~
~~~~~~~~~~~~~~~~~~~~~
    + CategoryInfo    
          : NotSpeci  
  fied: (Target dar   
 t2js ...ted abnor    
mally::String) []    
, RemoteException
    + FullyQualifiedE 
   rrorId : NativeCo  
  mmandError
 
lib/services/auth_serv
ice.dart:6:19:
Error: Can't find '}' 
to match '{'.
class AuthService {
                  ^
lib/services/auth_serv
ice.dart:7:1:
Error: Classes can't 
be declared inside 
other classes.
class AuthService {
^^^^^
lib/providers/auth_pro
vider.dart:26:39:
Error: The method 
'getCurrentUser' 
isn't defined for the 
class 'AuthService'.
 - 'AuthService' is 
from 'package:frontend
/services/auth_service
.dart' ('lib/services/
auth_service.dart').
    _currentUser = 
await _authService.get
CurrentUser();
                      
                
^^^^^^^^^^^^^^
lib/providers/auth_pro
vider.dart:34:38:
Error: The method 
'getTotalUsers' isn't 
defined for the class 
'AuthService'.
 - 'AuthService' is 
from 'package:frontend
/services/auth_service
.dart' ('lib/services/
auth_service.dart').
    _totalUsers = 
await _authService.get
TotalUsers();
                      
               
^^^^^^^^^^^^^
lib/providers/auth_pro
vider.dart:44:41:
Error: The method 
'login' isn't defined 
for the class 
'AuthService'.
 - 'AuthService' is 
from 'package:frontend
/services/auth_service
.dart' ('lib/services/
auth_service.dart').
      _currentUser = 
await _authService.log
in(email, password);
                      
                  
^^^^^
lib/providers/auth_pro
vider.dart:68:41:
Error: The method 
'register' isn't 
defined for the class 
'AuthService'.
 - 'AuthService' is 
from 'package:frontend
/services/auth_service
.dart' ('lib/services/
auth_service.dart').
      _currentUser = 
await 
_authService.register(
                      
                  
^^^^^^^^
lib/providers/auth_pro
vider.dart:87:24:
Error: The method 
'logout' isn't 
defined for the class 
'AuthService'.
 - 'AuthService' is 
from 'package:frontend
/services/auth_service
.dart' ('lib/services/
auth_service.dart').
    await 
_authService.logout();
                      
 ^^^^^^
Error: Compilation 
failed.
  Command: C:\src\flut
ter\bin\cache\dart-sdk
\bin\dart.exe 
--disable-dart-dev C:\
src\flutter\bin\cache\
dart-sdk\bin\snapshots
\dart2js.dart.snapshot
 --platform-binaries=C
:\src\flutter\bin\cach
e\flutter_web_sdk\kern
el --invoker=flutter_t
ool -Ddart.vm.product=
true -DFLUTTER_WEB_AUT
O_DETECT=true -DFLUTTE
R_WEB_CANVASKIT_URL=ht
tps://www.gstatic.com/
flutter-canvaskit/f40e
976bedff57e69e1b3d89a7
c2a3c617a03dad/ --nati
ve-null-assertions 
--no-source-maps -o C:
\Users\Lenovo\.gemini\
antigravity\scratch\fu
seguard\frontend\.dart
_tool\flutter_build\b7
79e5d85af94553c9f66d8f
8452d663\app.dill --pa
ckages=.dart_tool/pack
age_config.json 
--cfe-only C:\Users\Le
novo\.gemini\antigravi
ty\scratch\fuseguard\f
rontend\.dart_tool\flu
tter_build\b779e5d85af
94553c9f66d8f8452d663\
main.dart
#0      RunResult.thro
wException (package:fl
utter_tools/src/base/p
rocess.dart:127:5)
#1      _DefaultProces
sUtils.run (package:fl
utter_tools/src/base/p
rocess.dart:280:19)
<asynchronous 
suspension>
#2      
Dart2JSTarget.build (p
ackage:flutter_tools/s
rc/build_system/target
s/web.dart:189:5)
<asynchronous 
suspension>
#3      _BuildInstance
._invokeInternal (pack
age:flutter_tools/src/
build_system/build_sys
tem.dart:853:9)
<asynchronous 
suspension>
#4      Future.wait.<a
nonymous closure> (dar
t:async/future.dart:52
3:21)
<asynchronous 
suspension>
#5      _BuildInstance
.invokeTarget (package
:flutter_tools/src/bui
ld_system/build_system
.dart:791:32)
<asynchronous 
suspension>
#6      Future.wait.<a
nonymous closure> (dar
t:async/future.dart:52
3:21)
<asynchronous 
suspension>
#7      _BuildInstance
.invokeTarget (package
:flutter_tools/src/bui
ld_system/build_system
.dart:791:32)
<asynchronous 
suspension>
#8      FlutterBuildSy
stem.build (package:fl
utter_tools/src/build_
system/build_system.da
rt:620:16)
<asynchronous 
suspension>
#9      
WebBuilder.buildWeb (p
ackage:flutter_tools/s
rc/web/compile.dart:89
:34)
<asynchronous 
suspension>
#10     BuildWebComman
d.runCommand (package:
flutter_tools/src/comm
ands/build_web.dart:19
9:5)
<asynchronous 
suspension>
#11     FlutterCommand
.run.<anonymous 
closure> (package:flut
ter_tools/src/runner/f
lutter_command.dart:13
67:27)
<asynchronous 
suspension>
#12     AppContext.run
.<anonymous closure> (
package:flutter_tools/
src/base/context.dart:
150:19)
<asynchronous 
suspension>
#13     CommandRunner.
runCommand (package:ar
gs/command_runner.dart
:212:13)
<asynchronous 
suspension>
#14     FlutterCommand
Runner.runCommand.<ano
nymous closure> (packa
ge:flutter_tools/src/r
unner/flutter_command_
runner.dart:348:9)
<asynchronous 
suspension>
#15     AppContext.run
.<anonymous closure> (
package:flutter_tools/
src/base/context.dart:
150:19)
<asynchronous 
suspension>
#16     FlutterCommand
Runner.runCommand (pac
kage:flutter_tools/src
/runner/flutter_comman
d_runner.dart:294:5)
<asynchronous 
suspension>
#17     
run.<anonymous 
closure>.<anonymous 
closure> (package:flut
ter_tools/runner.dart:
112:9)
<asynchronous 
suspension>
#18     AppContext.run
.<anonymous closure> (
package:flutter_tools/
src/base/context.dart:
150:19)
<asynchronous 
suspension>
#19     main (package:
flutter_tools/executab
le.dart:90:3)
<asynchronous 
suspension>

Compiling lib\main.dart for the Web...                             12.9s
Exception: Failed to 
compile application 
for the Web.
